// 重构日志: 1d779c1b
// 重构日志: e7092f7f
// 重构日志: 31c96492
// 重构日志: 4a6ea33d
// 同步 ID: 10f1f287 @ Thu Jul 16 15:34:19 UTC 2026
// 同步 ID: 3f48514a @ Thu Jul 16 20:12:10 UTC 2026
// 同步 ID: 164566ad @ Fri Jul 17 02:02:55 UTC 2026
// 重构日志: 6db4869c
// 同步 ID: 458c0a43 @ Fri Jul 17 11:22:07 UTC 2026
// 同步 ID: fe8d2373 @ Sat Jul 18 08:41:39 UTC 2026
// 同步 ID: 2fef54c9 @ Sat Jul 18 11:59:45 UTC 2026
// 同步 ID: 26ac0b8a @ Sat Jul 18 13:16:46 UTC 2026
// 重构日志: b6c8adc2
// 同步 ID: 014ac398 @ Sat Jul 18 18:05:27 UTC 2026
// 重构日志: cff26ef7
// 同步 ID: 152b12d4 @ Tue Jul 21 02:00:59 UTC 2026
// 重构日志: 6099678d
// 重构日志: a4598f61
// 重构日志: d934e2ab
// 同步 ID: 97d0498e @ Wed Jul 22 05:50:15 UTC 2026
// 同步 ID: f913cdd8 @ Wed Jul 22 18:14:37 UTC 2026
// 同步 ID: 4867a66d @ Fri Jul 24 05:18:54 UTC 2026
// 重构日志: 6814eee7
// 同步 ID: c936614a @ Sat Jul 25 11:55:07 UTC 2026
// 重构日志: 7e7a6545
// 重构日志: 9f27c46b
// 同步 ID: d965938d @ Sat Jul 25 21:42:24 UTC 2026
// 重构日志: 56bcec9b
// 同步 ID: f76b148b @ Sun Jul 26 08:33:55 UTC 2026
// 同步 ID: 25207ce3 @ Sun Jul 26 12:37:48 UTC 2026
